// Jest Snapshot v1, https://goo.gl/fbAQLP

exports[`\`<MarvelList>\` Render correctly 1`] = `
Array [
  <div
    className="labelHeader hideList"
  >
    Nenhum personagem encontrado
  </div>,
  <div
    className="showList list-group list-group-flush"
    onKeyDown={[Function]}
  >
    <div
      className="list-group-item"
      data-rb-event-key={null}
      disabled={false}
      onClick={[Function]}
      style={
        Object {
          "backgroundColor": "transparent",
        }
      }
    >
      <div
        className="row"
      >
        <div
          className="col-md-2"
        />
        <div
          className="col-md-2"
        >
          <div
            className="defaultLabel"
          >
            Personagem
          </div>
        </div>
        <div
          className="d-none d-lg-block col-md-4"
        >
          <div
            className="defaultLabel"
          >
            Séries
          </div>
        </div>
        <div
          className="d-none d-lg-block col-md-4"
        >
          <div
            className="defaultLabel"
          >
            Eventos
          </div>
        </div>
      </div>
    </div>
  </div>,
  <div
    className="listGroup list-group"
    onKeyDown={[Function]}
  >
    <div
      className="list-group-item"
      data-rb-event-key={null}
      data-testid="marvelLi"
      disabled={false}
      onClick={[Function]}
    >
      <div
        className="row"
      >
        <div
          className="col-lg col-md-2 col-6"
        >
          <div
            className="listImgDiv"
          >
            <img
              alt=""
              className="thumbImg rounded"
              src="."
            />
          </div>
        </div>
        <div
          className="col-lg col-md-2 col-6"
        >
          <div
            className="defaultLabel"
          >
            
          </div>
        </div>
        <div
          className="d-none d-lg-block col-md-4"
        >
          <div
            className="defaultLabel"
          >
            Ops. 
            Séries
             não encontrados!
          </div>
        </div>
        <div
          className="d-none d-lg-block col-md-4"
        >
          <div
            className="defaultLabel"
          >
            Ops. 
            Eventos
             não encontrados!
          </div>
        </div>
      </div>
    </div>
  </div>,
]
`;
