// Jest Snapshot v1, https://goo.gl/fbAQLP

exports[`\`<ParticipationListItem>\` Render correctly 1`] = `
<div
  className="defaultLabel"
>
  Ops. 
  Eventos
   n√£o encontrados!
</div>
`;
